// Jest Snapshot v1, https://goo.gl/fbAQLP

exports[`Testing the Home Calculator is rendered 1`] = `
<div
  id="calculator-container"
>
  <h2
    className="calculator-title"
  >
    Let's do some math!
  </h2>
  <div
    id="calculator"
  >
    <p
      id="result"
      onChange={[Function]}
    >
      0
    </p>
    <button
      onClick={[Function]}
      type="button"
      value="AC"
    >
      AC
    </button>
    <button
      onClick={[Function]}
      type="button"
      value="+/-"
    >
      +/-
    </button>
    <button
      onClick={[Function]}
      type="button"
      value="%"
    >
      %
    </button>
    <button
      className="operator"
      onClick={[Function]}
      type="button"
      value="รท"
    >
      /
    </button>
    <button
      onClick={[Function]}
      type="button"
      value="7"
    >
      7
    </button>
    <button
      onClick={[Function]}
      type="button"
      value="8"
    >
      8
    </button>
    <button
      onClick={[Function]}
      type="button"
      value="9"
    >
      9
    </button>
    <button
      className="operator"
      onClick={[Function]}
      type="button"
      value="x"
    >
      x
    </button>
    <button
      onClick={[Function]}
      type="button"
      value="4"
    >
      4
    </button>
    <button
      onClick={[Function]}
      type="button"
      value="5"
    >
      5
    </button>
    <button
      onClick={[Function]}
      type="button"
      value="6"
    >
      6
    </button>
    <button
      className="operator"
      onClick={[Function]}
      type="button"
      value="-"
    >
      -
    </button>
    <button
      onClick={[Function]}
      type="button"
      value="1"
    >
      1
    </button>
    <button
      onClick={[Function]}
      type="button"
      value="2"
    >
      2
    </button>
    <button
      onClick={[Function]}
      type="button"
      value="3"
    >
      3
    </button>
    <button
      className="operator"
      onClick={[Function]}
      type="button"
      value="+"
    >
      +
    </button>
    <button
      id="zero-button"
      onClick={[Function]}
      type="button"
      value="0"
    >
      0
    </button>
    <button
      onClick={[Function]}
      type="button"
      value="."
    >
      .
    </button>
    <button
      className="operator"
      onClick={[Function]}
      type="button"
      value="="
    >
      =
    </button>
  </div>
</div>
`;
